// Jest Snapshot v1, https://goo.gl/fbAQLP

exports[`LoadingFallback Snapshot debe coincidir con el snapshot 1`] = `
<div
  class="flex min-h-screen items-center justify-center bg-[#f5f5f5]"
>
  <div
    class="flex flex-col items-center p-8 bg-white rounded shadow-lg max-w-sm w-full"
  >
    <div
      class="w-10 h-10 border-4 border-blue-500 border-t-transparent rounded-full animate-spin mb-4"
    />
    <p
      class="text-gray-600 text-sm"
    >
      Cargando...
    </p>
  </div>
</div>
`;
